Attempt 1: Error in generating PlantUML for https://github.com/TinkerWorks/HomeSensorHub/
Error message: Error line 7 in file: /home/sathvika/codetodiagrams/scripts/plantumlcode/TinkerWorks_HomeSensorHub.puml
Some diagram description contains errors

Attempt 2: Error in generating PlantUML for https://github.com/TinkerWorks/HomeSensorHub/
Error message: Error line 14 in file: /home/sathvika/codetodiagrams/scripts/plantumlcode/TinkerWorks_HomeSensorHub.puml
Some diagram description contains errors

Successfully processed repo https://github.com/TinkerWorks/HomeSensorHub/
PlantUML diagram generated at plantumlcode/TinkerWorks_HomeSensorHub.puml
Attempt 1: Error in generating PlantUML for https://github.com/ndsev/zswag/
Error message: Error line 4 in file: /home/sathvika/codetodiagrams/scripts/plantumlcode/ndsev_zswag.puml
Some diagram description contains errors

Successfully processed repo https://github.com/ndsev/zswag/
PlantUML diagram generated at plantumlcode/ndsev_zswag.puml
Successfully processed repo https://github.com/OpenPSD/modelbank/
PlantUML diagram generated at plantumlcode/OpenPSD_modelbank.puml
Successfully processed repo https://github.com/ballerina-platform/asyncapi-tools/
PlantUML diagram generated at plantumlcode/ballerina-platform_asyncapi-tools.puml
Successfully processed repo https://github.com/EOS-Nation/dfuse-docs/
PlantUML diagram generated at plantumlcode/EOS-Nation_dfuse-docs.puml
Successfully processed repo https://github.com/matryx/MatryxPlatform/
PlantUML diagram generated at plantumlcode/matryx_MatryxPlatform.puml
Attempt 1: Error in generating PlantUML for https://github.com/batatero/arquiteturaPHP00/
Error message: Error line 13 in file: /home/sathvika/codetodiagrams/scripts/plantumlcode/batatero_arquiteturaPHP00.puml
Some diagram description contains errors

Attempt 2: Error in generating PlantUML for https://github.com/batatero/arquiteturaPHP00/
Error message: Error line 1 in file: /home/sathvika/codetodiagrams/scripts/plantumlcode/batatero_arquiteturaPHP00.puml
Some diagram description contains errors

Attempt 3: Error in generating PlantUML for https://github.com/batatero/arquiteturaPHP00/
Error message: Error line 1 in file: /home/sathvika/codetodiagrams/scripts/plantumlcode/batatero_arquiteturaPHP00.puml
Some diagram description contains errors

Failed to generate valid PlantUML for https://github.com/batatero/arquiteturaPHP00/ after 3 attempts
Successfully processed repo https://github.com/Taymindis/fcgi-function/
PlantUML diagram generated at plantumlcode/Taymindis_fcgi-function.puml
